- 第二次作业

mysql> show databases;
+--------------------+
| Database           |
+--------------------+
| information_schema |
| mysql              |
| performance_schema |
| shopping           |
| sys                |
| zuoye              |
+--------------------+
6 rows in set (0.04 sec)

mysql> use zuoye;
Database changed
mysql> show tables;
+-----------------+
| Tables_in_zuoye |
+-----------------+
| countries       |
| departments     |
| employees       |
| job_history     |
| jobs            |
| locations       |
| regions         |
+-----------------+
7 rows in set (0.05 sec)

mysql> select countries;
ERROR 1054 (42S22): Unknown column 'countries' in 'field list'
mysql> select * from countries;
+------------+--------------------------+-----------+
| COUNTRY_ID | COUNTRY_NAME             | REGION_ID |
+------------+--------------------------+-----------+
| AR         | Argentina                | 2         |
| AU         | Australia                | 3         |
| BE         | Belgium                  | 1         |
| BR         | Brazil                   | 2         |
| CA         | Canada                   | 2         |
| CH         | Switzerland              | 1         |
| CN         | China                    | 3         |
| DE         | Germany                  | 1         |
| DK         | Denmark                  | 1         |
| EG         | Egypt                    | 4         |
| FR         | France                   | 1         |
| IL         | Israel                   | 4         |
| IN         | India                    | 3         |
| IT         | Italy                    | 1         |
| JP         | Japan                    | 3         |
| KW         | Kuwait                   | 4         |
| ML         | Malaysia                 | 3         |
| MX         | Mexico                   | 2         |
| NG         | Nigeria                  | 4         |
| NL         | Netherlands              | 1         |
| SG         | Singapore                | 3         |
| UK         | United Kingdom           | 1         |
| US         | United States of America | 2         |
| ZM         | Zambia                   | 4         |
| ZW         | Zimbabwe                 | 4         |
+------------+--------------------------+-----------+
25 rows in set (0.00 sec)

mysql> select distinct region_id from countries;
+-----------+
| region_id |
+-----------+
| 2         |
| 3         |
| 1         |
| 4         |
+-----------+
4 rows in set (0.00 sec)

mysql> select * from countries where region_id>2;
+------------+--------------+-----------+
| COUNTRY_ID | COUNTRY_NAME | REGION_ID |
+------------+--------------+-----------+
| AU         | Australia    | 3         |
| CN         | China        | 3         |
| EG         | Egypt        | 4         |
| IL         | Israel       | 4         |
| IN         | India        | 3         |
| JP         | Japan        | 3         |
| KW         | Kuwait       | 4         |
| ML         | Malaysia     | 3         |
| NG         | Nigeria      | 4         |
| SG         | Singapore    | 3         |
| ZM         | Zambia       | 4         |
| ZW         | Zimbabwe     | 4         |
+------------+--------------+-----------+
12 rows in set (0.00 sec)

mysql> select * from countries order by region_id;
+------------+--------------------------+-----------+
| COUNTRY_ID | COUNTRY_NAME             | REGION_ID |
+------------+--------------------------+-----------+
| BE         | Belgium                  | 1         |
| CH         | Switzerland              | 1         |
| DE         | Germany                  | 1         |
| DK         | Denmark                  | 1         |
| FR         | France                   | 1         |
| IT         | Italy                    | 1         |
| NL         | Netherlands              | 1         |
| UK         | United Kingdom           | 1         |
| AR         | Argentina                | 2         |
| BR         | Brazil                   | 2         |
| CA         | Canada                   | 2         |
| MX         | Mexico                   | 2         |
| US         | United States of America | 2         |
| AU         | Australia                | 3         |
| CN         | China                    | 3         |
| IN         | India                    | 3         |
| JP         | Japan                    | 3         |
| ML         | Malaysia                 | 3         |
| SG         | Singapore                | 3         |
| EG         | Egypt                    | 4         |
| IL         | Israel                   | 4         |
| KW         | Kuwait                   | 4         |
| NG         | Nigeria                  | 4         |
| ZM         | Zambia                   | 4         |
| ZW         | Zimbabwe                 | 4         |
+------------+--------------------------+-----------+
25 rows in set (0.00 sec)

mysql> select * from countries where region_id>3 order by region_id;
+------------+--------------+-----------+
| COUNTRY_ID | COUNTRY_NAME | REGION_ID |
+------------+--------------+-----------+
| EG         | Egypt        | 4         |
| IL         | Israel       | 4         |
| KW         | Kuwait       | 4         |
| NG         | Nigeria      | 4         |
| ZM         | Zambia       | 4         |
| ZW         | Zimbabwe     | 4         |
+------------+--------------+-----------+
6 rows in set (0.00 sec)

mysql> select sum(region_id) from countries;
+----------------+
| sum(region_id) |
+----------------+
|             60 |
+----------------+
1 row in set (0.00 sec)

mysql> select max(region_id) from countries;
+----------------+
| max(region_id) |
+----------------+
| 4              |
+----------------+
1 row in set (0.00 sec)

mysql> select count(region_id) from countries;
+------------------+
| count(region_id) |
+------------------+
|               25 |
+------------------+
1 row in set (0.00 sec)

mysql> select region_id,sum(region_id) from countries group by region_id;
+-----------+----------------+
| region_id | sum(region_id) |
+-----------+----------------+
| 2         |             10 |
| 3         |             18 |
| 1         |              8 |
| 4         |             24 |
+-----------+----------------+
4 rows in set (0.00 sec)

mysql>![屏幕截图(11)](C:\Users\赵文洋\Pictures\Screenshots\屏幕截图(11).png)

![屏幕截图(12)](C:\Users\赵文洋\Pictures\Screenshots\屏幕截图(12).png)

![屏幕截图(13)](C:\Users\赵文洋\Pictures\Screenshots\屏幕截图(13).png)